DELETE /api/admin/tables/:table/:id
DELETE /api/applications/:id/deployment-templates/:templateID
DELETE /api/applications/:id/endpoints/:endpointID
DELETE /api/auth/temporary-tokens/:id
DELETE /api/certs/:namespace/:name
DELETE /api/certs/dns-credentials/:id
DELETE /api/certs/issuers/:kind/:namespace/:name
DELETE /api/chart-repositories/:id
DELETE /api/cluster-dns
DELETE /api/domains/:id
DELETE /api/image-registries/:id
DELETE /api/k8s/configmaps/:namespace/:name
DELETE /api/k8s/ingresses/:namespace/:name
DELETE /api/k8s/namespaces/:name
DELETE /api/k8s/persistent-volume-claims/:name
DELETE /api/k8s/persistent-volume-claims/:name/imports/:id/backup
DELETE /api/k8s/secrets/:namespace/:name
DELETE /api/k8s/services/:namespace/:name
DELETE /api/managed-oci-registries/:id
DELETE /api/monitoring
DELETE /api/monitoring/alerts
DELETE /api/monitoring/alerts/silences/:id
DELETE /api/monitoring/logs
DELETE /api/node-registry-mirrors/:id
DELETE /api/nodes/:id
DELETE /api/projects/:projectID
DELETE /api/projects/:projectID/environments/:environmentID
DELETE /api/routes/:namespace/:name
DELETE /api/runtimes/:id/chat/sessions/:sid
DELETE /api/servers/:id
DELETE /api/sites/:id
GET /api/admin/tables
GET /api/admin/tables/:table
GET /api/agent/v1/alerts/get
GET /api/agent/v1/alerts/list
GET /api/agent/v1/approvals/:operationID
GET /api/agent/v1/capabilities/status
GET /api/agent/v1/cluster/status
GET /api/agent/v1/dns/resolve
GET /api/agent/v1/dns/status
GET /api/agent/v1/events/list
GET /api/agent/v1/images/diagnose
GET /api/agent/v1/maintenance/disk-inspect
GET /api/agent/v1/monitoring/disk-growth
GET /api/agent/v1/nodes/get
GET /api/agent/v1/pods/get
GET /api/agent/v1/pvcs/get
GET /api/agent/v1/registries/node-verify
GET /api/agent/v1/registries/proxy-diagnose
GET /api/agent/v1/registries/status
GET /api/agent/v1/workloads/get
GET /api/agent/v1/workloads/logs
GET /api/applications
GET /api/applications/:id
GET /api/applications/:id/deployment-templates
GET /api/applications/:id/deployment-templates/:templateID
GET /api/applications/:id/endpoints
GET /api/applications/:id/managed-files
GET /api/applications/:id/releases/:releaseID
GET /api/applications/:id/runtime
GET /api/applications/discovery
GET /api/audit-logs
GET /api/auth/me
GET /api/auth/temporary-tokens
GET /api/certs
GET /api/certs/:namespace/:name/operations
GET /api/certs/dns-credentials
GET /api/certs/dns-providers
GET /api/certs/dns-providers/:provider/status
GET /api/certs/issuers
GET /api/certs/status
GET /api/chart-repositories
GET /api/cluster-dns
GET /api/dashboard
GET /api/domains
GET /api/domains/:id/operations
GET /api/domains/claimable
GET /api/domains/importable-certificates
GET /api/image-registries
GET /api/integrations/applications/:id/configmaps
GET /api/integrations/applications/:id/configmaps/:configMapID
GET /api/integrations/applications/:id/releases/:releaseID
GET /api/integrations/applications/:id/runtime
GET /api/integrations/applications/discovery
GET /api/k8s/configmaps
GET /api/k8s/configmaps/:namespace/:name
GET /api/k8s/daemonsets
GET /api/k8s/daemonsets/:namespace/:name
GET /api/k8s/dashboard
GET /api/k8s/deployments
GET /api/k8s/deployments/:namespace/:name
GET /api/k8s/deployments/:namespace/:name/pods
GET /api/k8s/deployments/:namespace/:name/revisions
GET /api/k8s/ingress-controller
GET /api/k8s/ingresses
GET /api/k8s/ingresses/:namespace/:name
GET /api/k8s/namespace-names
GET /api/k8s/namespaces
GET /api/k8s/persistent-volume-claims
GET /api/k8s/persistent-volume-claims/:name/backups
GET /api/k8s/persistent-volume-claims/:name/imports
GET /api/k8s/persistent-volume-claims/usage
GET /api/k8s/persistent-volume-migrations
GET /api/k8s/persistent-volume-migrations/:id
GET /api/k8s/pods
GET /api/k8s/pods/:namespace/:name/terminal
GET /api/k8s/secrets
GET /api/k8s/secrets/:namespace/:name
GET /api/k8s/services
GET /api/k8s/services/:namespace/:name
GET /api/k8s/services/:namespace/:name/endpoints
GET /api/k8s/statefulsets
GET /api/k8s/statefulsets/:namespace/:name
GET /api/k8s/storage-classes
GET /api/managed-oci-registries
GET /api/managed-oci-registries/:id
GET /api/managed-oci-registries/certificates
GET /api/managed-oci-registries/pvcs
GET /api/managed-oci-registries/storage-preflight
GET /api/monitoring/alerts/automation-events
GET /api/monitoring/alerts/automation-policy
GET /api/monitoring/alerts/overview
GET /api/monitoring/alerts/silences
GET /api/monitoring/alerts/status
GET /api/monitoring/dashboard
GET /api/monitoring/disk-growth
GET /api/monitoring/logs/filters
GET /api/monitoring/logs/status
GET /api/monitoring/query
GET /api/monitoring/query-range
GET /api/monitoring/status
GET /api/monitoring/targets
GET /api/node-registry-mirrors
GET /api/node-registry-mirrors/:id/apply-status
GET /api/nodes
GET /api/nodes/:id/drain-plan
GET /api/nodes/:id/join-progress
GET /api/nodes/:id/labels
GET /api/nodes/:id/removal-check
GET /api/operations
GET /api/platform/endpoint
GET /api/platform/status
GET /api/projects
GET /api/projects/:projectID/environments
GET /api/projects/environments/namespace-conflicts
GET /api/registry-proxies
GET /api/registry-proxy
GET /api/routes
GET /api/routes/middlewares
GET /api/routes/tls-stores
GET /api/runtimes
GET /api/runtimes/:id
GET /api/runtimes/:id/agent-capability-grants
GET /api/runtimes/:id/agent-operations
GET /api/runtimes/:id/chat/sessions
GET /api/runtimes/:id/chat/sessions/:sid/export
GET /api/runtimes/:id/chat/sessions/:sid/messages
GET /api/runtimes/catalog
GET /api/servers
GET /api/servers/:id
GET /api/servers/:id/stats
GET /api/servers/:id/terminal
GET /api/servers/network-diagnostics
GET /api/servers/resource-stats
GET /api/sites
GET /api/sites/:id
GET /api/system-components
GET /api/system/crds
GET /api/tailscale/install-script
GET /api/tailscale/status
GET /api/workspace/overview
GET /health
GET /internal/runtime-tools/v1/cylism-cli/linux-amd64
GET /internal/runtime-tools/v1/cylism-cli/linux-amd64/manifest
PATCH /api/k8s/deployments/:namespace/:name/image
PATCH /api/k8s/deployments/:namespace/:name/scale
PATCH /api/k8s/namespaces/:name
PATCH /api/k8s/statefulsets/:namespace/:name/scale
PATCH /api/nodes/:id/labels
PATCH /api/runtimes/:id/chat/sessions/:sid
POST /api/admin/tables/:table
POST /api/agent-operations/:operationID/approve
POST /api/agent-operations/:operationID/reject
POST /api/agent/v1/deployments/scale
POST /api/agent/v1/maintenance/cleanup-request
POST /api/agent/v1/registries/node-pull-check
POST /api/applications
POST /api/applications/:id/delegations
POST /api/applications/:id/deployment-templates
POST /api/applications/:id/deployment-templates/:templateID/default
POST /api/applications/:id/endpoints
POST /api/applications/:id/integration-handoffs
POST /api/applications/:id/releases
POST /api/applications/:id/releases/:releaseID/retry
POST /api/applications/:id/releases/:releaseID/rollback
POST /api/applications/:id/restarts
POST /api/auth/login
POST /api/auth/refresh
POST /api/auth/temporary-login
POST /api/auth/temporary-tokens
POST /api/certs
POST /api/certs/dns-credentials
POST /api/certs/dns-providers/:provider/install
POST /api/certs/install
POST /api/certs/issuers
POST /api/chart-repositories
POST /api/chart-repositories/:id/verify
POST /api/cluster-dns
POST /api/cluster-dns/history/:revision/rollback
POST /api/domains
POST /api/domains/:id/certificate
POST /api/domains/:id/claim
POST /api/domains/import
POST /api/image-registries
POST /api/image-registries/:id/verify
POST /api/integrations/applications/:id/restarts
POST /api/integrations/sessions/delegation
POST /api/integrations/sessions/exchange
POST /api/k8s/configmaps
POST /api/k8s/deployments/:namespace/:name/rollback
POST /api/k8s/ingresses
POST /api/k8s/namespaces
POST /api/k8s/persistent-volume-claims
POST /api/k8s/persistent-volume-claims/:name/backups
POST /api/k8s/persistent-volume-claims/:name/backups/:backupID/restore
POST /api/k8s/persistent-volume-claims/:name/imports
POST /api/k8s/persistent-volume-claims/:name/migrations
POST /api/k8s/persistent-volume-migrations/:id/cleanup
POST /api/k8s/secrets
POST /api/managed-oci-registries
POST /api/managed-oci-registries/:id/apply-node-access
POST /api/managed-oci-registries/:id/repair
POST /api/monitoring/alerts/install
POST /api/monitoring/alerts/notify
POST /api/monitoring/alerts/silences
POST /api/monitoring/alerts/test-notification
POST /api/monitoring/install
POST /api/monitoring/logs/install
POST /api/monitoring/logs/query
POST /api/monitoring/storage-migration
POST /api/node-registry-mirrors
POST /api/node-registry-mirrors/:id/apply
POST /api/node-registry-mirrors/:id/verify
POST /api/nodes/:id/add
POST /api/nodes/:id/drain
POST /api/nodes/:id/force-drain
POST /api/nodes/:id/import
POST /api/nodes/:id/preimport
POST /api/nodes/:id/rejoin
POST /api/platform/deployments
POST /api/platform/endpoint/adopt-ingress
POST /api/platform/endpoint/reconcile
POST /api/platform/releases
POST /api/platform/releases/:id/rollback
POST /api/platform/webhook-secret
POST /api/projects
POST /api/projects/:projectID/environments
POST /api/projects/:projectID/environments/:environmentID/sync-namespace
POST /api/registry-proxies
POST /api/registry-proxies/:id/cleanup
POST /api/registry-proxies/:id/diagnose
POST /api/registry-proxies/:id/migrate-resource-name
POST /api/registry-proxy/cleanup
POST /api/registry-proxy/deploy
POST /api/routes
POST /api/runtimes
POST /api/runtimes/:id/agent-tools/install
POST /api/runtimes/:id/agent-tools/uninstall
POST /api/runtimes/:id/agent-tools/update
POST /api/runtimes/:id/chat
POST /api/runtimes/:id/chat/sessions/:sid/archive
POST /api/runtimes/:id/chat/sessions/:sid/restore
POST /api/runtimes/:id/deploy
POST /api/runtimes/:id/health-check
POST /api/runtimes/:id/uninstall
POST /api/servers
POST /api/servers/:id/precheck
POST /api/servers/:id/probe
POST /api/servers/:id/unbind
POST /api/sites
POST /api/system-components/:chart/revert
POST /api/tailscale/init
PUT /api/admin/tables/:table/:id
PUT /api/applications/:id/capabilities
PUT /api/applications/:id/deployment-templates/:templateID
PUT /api/applications/:id/endpoints/:endpointID
PUT /api/applications/:id/workload-kind
PUT /api/certs/dns-credentials/:id
PUT /api/certs/issuers/:kind/:namespace/:name
PUT /api/chart-repositories/:id
PUT /api/domains/:id
PUT /api/image-registries/:id
PUT /api/integrations/applications/:id/configmaps/:configMapID
PUT /api/k8s/configmaps/:namespace/:name
PUT /api/k8s/secrets/:namespace/:name
PUT /api/k8s/services/:namespace/:name
PUT /api/managed-oci-registries/:id
PUT /api/monitoring/alerts/automation-policy
PUT /api/monitoring/alerts/config
PUT /api/monitoring/logs/config
PUT /api/node-registry-mirrors/:id
PUT /api/platform/endpoint
PUT /api/platform/image-prefix
PUT /api/projects/:projectID
PUT /api/projects/:projectID/environments/:environmentID
PUT /api/registry-proxies/:id
PUT /api/routes/:namespace/:name
PUT /api/runtimes/:id
PUT /api/runtimes/:id/agent-capability-grants
PUT /api/servers/:id
PUT /api/sites/:id
PUT /api/system-components/:chart
